// Jest Snapshot v1, https://goo.gl/fbAQLP

exports[`should render edit expense page  1`] = `undefined`;
